Migration started at 2025-07-24 14:34:21
Merged: home/home.txt
Merged: home/homebase-eventbase-15.jpg.txt [image .txt] | Added alt field
Merged: home/hb-prattst-400-00004.jpg.txt [image .txt] | Added alt field
Merged: home/hb-prattst-400-00002.jpg.txt [image .txt] | Added alt field
Merged: home/hb-prattst-400-00003.jpg.txt [image .txt] | Added alt field
Merged: home/homebase-eventbase-3.jpg.txt [image .txt] | Added alt field
Merged: home/hb-prattst-400-00001.jpg.txt [image .txt] | Added alt field
Merged: home/homebase-eventbase-8.jpg.txt [image .txt] | Added alt field
Merged: terms-of-use/default.txt
Merged: contact/contact.txt
Merged: privacy-policy/default.txt
Merged: press/20181008-heres-a-look-at-the-details-behind-homebase-downtown-baltimore-s-new-coworking-space/post.txt
Merged: press/20181011-the-takeaway-homebase-finds-ways-to-stand-out-in-crowded-coworking-market/post.txt
Merged: press/press.txt
Merged: press/20181002-valstone-partners-opening-coworking-offices-in-clipper-mill-downtown/post.txt
Merged: sitemap/sitemap.txt
Merged: 2-blog/20170612-take-a-tour-through-homebase-coworking-in-baltimore/article.txt
Merged: 2-blog/20171008-east-coast-cities-and-the-rise-of-coworking-spaces/article.txt
Merged: 2-blog/discovering-food-options-around-downtown-baltimore/article.txt
Merged: 2-blog/20180127-what-to-look-for-when-choosing-a-coworking-space/article.txt
Merged: 2-blog/20171102-baltimore-entrepreneurs-adopt-coworking-lifestyle/article.txt
Merged: 2-blog/default.en.txt
Merged: 2-blog/blog.txt
Merged: 3-events/events.txt
Merged: site.txt
Merged: 1-locations/locations.txt
Merged: 1-locations/2-clipper-mill/plans/hb-prattst-floorplan.png.txt [image .txt] | Added alt field
Merged: 1-locations/2-clipper-mill/plans/base.txt
Merged: 1-locations/2-clipper-mill/1-postbase/base.txt
Merged: 1-locations/2-clipper-mill/2-meetbase/base.txt
Merged: 1-locations/2-clipper-mill/homebaseworks-clippermill-00015.jpg.txt [image .txt] | Added alt field
Merged: 1-locations/2-clipper-mill/6-doublebase/base.txt
Merged: 1-locations/2-clipper-mill/5-singlebase/base.txt
Merged: 1-locations/2-clipper-mill/homebaseworks-clippermill-00011.jpg.txt [image .txt] | Added alt field
Merged: 1-locations/2-clipper-mill/homebaseworks-clippermill-00002.jpg.txt [image .txt] | Added alt field
Merged: 1-locations/2-clipper-mill/4-workbase/base.txt
Merged: 1-locations/2-clipper-mill/7-triplebase/base.txt
Merged: 1-locations/2-clipper-mill/3-flexbase/base.txt
Merged: 1-locations/2-clipper-mill/location.txt
Merged: 1-locations/1-pratt-st/hb-prattst-400-00004.jpg.txt [image .txt] | Added alt field
Merged: 1-locations/1-pratt-st/plans/hb-prattst-floorplan.png.txt [image .txt] | Added alt field
Merged: 1-locations/1-pratt-st/plans/base.txt
Merged: 1-locations/1-pratt-st/1-postbase/base.txt
Merged: 1-locations/1-pratt-st/2-meetbase/base.txt
Merged: 1-locations/1-pratt-st/6-doublebase/base.txt
Merged: 1-locations/1-pratt-st/5-singlebase/base.txt
Merged: 1-locations/1-pratt-st/hb-prattst-400-00002.jpg.txt [image .txt] | Added alt field
Merged: 1-locations/1-pratt-st/hb-prattst-400-00003.jpg.txt [image .txt] | Added alt field
Merged: 1-locations/1-pratt-st/hb-prattst-400-00001.jpg.txt [image .txt] | Added alt field
Merged: 1-locations/1-pratt-st/4-workbase/base.txt
Merged: 1-locations/1-pratt-st/3-flexbase/base.txt
Merged: 1-locations/1-pratt-st/location.txt
Merged: 4-info/0-hunter-s-tomcat/team.txt
Merged: 4-info/0-brad-kitt/team.txt
Merged: 4-info/info.txt
Merged: 4-info/0-cat-winslet/team.txt
Merged: error/error.txt

All content merged. Review your site and commit changes.
