[2018-03-02T17:17:01-05:00]  Mozilla/5.0 (Macintosh; Intel Mac OS X 10_13_3) AppleWebKit/537.36 (KHTML, like Gecko) Chrome/64.0.3282.186 Safari/537.36
base: workbase
first: s
last: ap
email: s@ap.co
phone: 4079494734
date: March
company: SAP
team: 4
how: Google

[2018-03-02T17:24:03-05:00]  Mozilla/5.0 (Macintosh; Intel Mac OS X 10_13_3) AppleWebKit/537.36 (KHTML, like Gecko) Chrome/64.0.3282.186 Safari/537.36
base: workbase
first: s
last: ap
email: s@ap.co
phone: 4079494734
date: March
company: SAP
team: 4
how: Google

[2018-03-02T17:24:20-05:00]  Mozilla/5.0 (Macintosh; Intel Mac OS X 10_13_3) AppleWebKit/537.36 (KHTML, like Gecko) Chrome/64.0.3282.186 Safari/537.36
base: workbase
first: s
last: ap
email: s@ap.co
phone: 4079494734
date: March
company: SAP
team: 4
how: Google

[2018-03-02T17:26:26-05:00]  Mozilla/5.0 (Macintosh; Intel Mac OS X 10_13_3) AppleWebKit/537.36 (KHTML, like Gecko) Chrome/64.0.3282.186 Safari/537.36
base: workbase
first: Simien
last: Parr
email: simien@simienap.com
phone: 4079494734
date: today
company: ok
team: 3
how: Google

